// Jest Snapshot v1, https://goo.gl/fbAQLP

exports[`should match with snapshot 1`] = `
Array [
  <nav>
    <h1>
      Elevator Ride
    </h1>
  </nav>,
  <main>
    <div
      className="floorTrackerContainer"
    >
      <div
        className="elevator"
      >
        <p
          className="floorTracker"
        >
          1
        </p>
        <div
          className="elevatorDoors"
        >
          <div />
          <div />
        </div>
      </div>
    </div>
    <div
      className="floorSelectorContainer"
    >
      <h3>
        Please select a floor!
      </h3>
      <div
        className="buttonContainer"
      >
        <button
          onClick={[Function]}
        >
          1
        </button>
        <button
          onClick={[Function]}
        >
          2
        </button>
        <button
          onClick={[Function]}
        >
          3
        </button>
        <button
          onClick={[Function]}
        >
          4
        </button>
        <button
          onClick={[Function]}
        >
          5
        </button>
        <button
          onClick={[Function]}
        >
          6
        </button>
        <button
          onClick={[Function]}
        >
          7
        </button>
        <button
          onClick={[Function]}
        >
          8
        </button>
        <button
          onClick={[Function]}
        >
          9
        </button>
        <button
          onClick={[Function]}
        >
          10
        </button>
        <button
          onClick={[Function]}
        >
          11
        </button>
        <button
          onClick={[Function]}
        >
          12
        </button>
        <button
          onClick={[Function]}
        >
          13
        </button>
        <button
          onClick={[Function]}
        >
          14
        </button>
        <button
          onClick={[Function]}
        >
          15
        </button>
        <button
          onClick={[Function]}
        >
          16
        </button>
        <button
          onClick={[Function]}
        >
          17
        </button>
        <button
          onClick={[Function]}
        >
          18
        </button>
        <button
          onClick={[Function]}
        >
          19
        </button>
        <button
          onClick={[Function]}
        >
          20
        </button>
        <button
          onClick={[Function]}
        >
          21
        </button>
        <button
          onClick={[Function]}
        >
          22
        </button>
        <button
          onClick={[Function]}
        >
          23
        </button>
        <button
          onClick={[Function]}
        >
          24
        </button>
        <button
          onClick={[Function]}
        >
          25
        </button>
        <button
          onClick={[Function]}
        >
          26
        </button>
        <button
          onClick={[Function]}
        >
          27
        </button>
        <button
          onClick={[Function]}
        >
          28
        </button>
        <button
          onClick={[Function]}
        >
          29
        </button>
        <button
          onClick={[Function]}
        >
          30
        </button>
      </div>
    </div>
  </main>,
  <footer>
    <button
      className="musicButton"
      onClick={[Function]}
    >
      Play Elevator Music
    </button>
    <p>
      Royalty Free Music from Bensound
    </p>
  </footer>,
]
`;
